
> digipark-caption-agent@0.1.0 build
> next build

▲ Next.js 16.1.1 (Turbopack)
- Environments: .env.local

⚠ The "middleware" file convention is deprecated. Please use "proxy" instead. Learn more: https://nextjs.org/docs/messages/middleware-to-proxy
  Creating an optimized production build ...
✓ Compiled successfully in 1826.1ms
  Running TypeScript ...
Failed to compile.

./src/components/SettingsDrawer.tsx:3:10
Type error: Duplicate identifier 'useState'.

[0m [90m 1 |[39m [32m'use client'[39m[33m;[39m
 [90m 2 |[39m
[31m[1m>[22m[39m[90m 3 |[39m [36mimport[39m { useState } [36mfrom[39m [32m'react'[39m[33m;[39m
 [90m   |[39m          [31m[1m^[22m[39m
 [90m 4 |[39m [36mimport[39m { [33mSoulSlider[39m } [36mfrom[39m [32m'./SoulSlider'[39m[33m;[39m
 [90m 5 |[39m [36mimport[39m { [33mVariableSelector[39m } [36mfrom[39m [32m'./VariableSelector'[39m[33m;[39m
 [90m 6 |[39m [36mimport[39m type { [33mVariableSelections[39m } [36mfrom[39m [32m'@/types'[39m[33m;[39m[0m
Next.js build worker exited with code: 1 and signal: null
